[2026-08-12 07:02:43] {"step":"DISPATCH_STARTED","request_id":"259aafab46adc364","method":"POST","uri":"/telegram"}
[2026-08-12 07:02:43] {"step":"PATH_RESOLVED","request_id":"259aafab46adc364","path":"/telegram"}
[2026-08-12 07:02:43] {"step":"ROUTES_LOADED","request_id":"259aafab46adc364","route_count":19}
[2026-08-12 07:02:43] {"step":"ROUTE_FOUND","request_id":"259aafab46adc364","path":"/telegram","route_type":"string","route":"Listeners\\Telegram\\TelegramListener"}
[2026-08-12 07:02:43] {"step":"ROUTE_RESOLVED","request_id":"259aafab46adc364","path":"/telegram","class":"Listeners\\Telegram\\TelegramListener","method":"handle"}
[2026-08-12 07:02:43] {"step":"CHECKING_ROUTE_CLASS","request_id":"259aafab46adc364","class":"Listeners\\Telegram\\TelegramListener"}
[2026-08-12 07:02:43] {"step":"ROUTE_CLASS_FOUND","request_id":"259aafab46adc364","class":"Listeners\\Telegram\\TelegramListener"}
[2026-08-12 07:02:43] {"step":"CREATING_HANDLER","request_id":"259aafab46adc364","class":"Listeners\\Telegram\\TelegramListener"}
[2026-08-12 07:02:43] {"step":"HANDLER_CREATED","request_id":"259aafab46adc364","class":"Listeners\\Telegram\\TelegramListener"}
[2026-08-12 07:02:43] {"step":"ROUTE_METHOD_FOUND","request_id":"259aafab46adc364","class":"Listeners\\Telegram\\TelegramListener","method":"handle"}
[2026-08-12 07:02:43] {"step":"HANDLER_EXECUTION_STARTED","request_id":"259aafab46adc364","path":"/telegram","class":"Listeners\\Telegram\\TelegramListener","method":"handle","parameters":0}
[2026-08-12 07:02:43] {"step":"CALLING_HANDLER_WITHOUT_PAYLOAD","request_id":"259aafab46adc364","class":"Listeners\\Telegram\\TelegramListener","method":"handle"}
[2026-08-12 07:02:43] {"step":"HANDLER_EXECUTION_COMPLETE","request_id":"259aafab46adc364","class":"Listeners\\Telegram\\TelegramListener","method":"handle"}
[2026-08-12 07:02:43] {"step":"DISPATCH_COMPLETE","request_id":"259aafab46adc364","path":"/telegram","class":"Listeners\\Telegram\\TelegramListener","method":"handle"}
[2026-08-12 07:06:09] {"step":"DISPATCH_STARTED","request_id":"c461b494f126c076","method":"POST","uri":"/payment/paystack/advert/webhook"}
[2026-08-12 07:06:09] {"step":"PATH_RESOLVED","request_id":"c461b494f126c076","path":"/payment/paystack/advert/webhook"}
[2026-08-12 07:06:09] {"step":"ROUTES_LOADED","request_id":"c461b494f126c076","route_count":19}
[2026-08-12 07:06:09] {"step":"ROUTE_FOUND","request_id":"c461b494f126c076","path":"/payment/paystack/advert/webhook","route_type":"string","route":"Listeners\\Payments\\PaystackWebhookListener"}
[2026-08-12 07:06:09] {"step":"ROUTE_RESOLVED","request_id":"c461b494f126c076","path":"/payment/paystack/advert/webhook","class":"Listeners\\Payments\\PaystackWebhookListener","method":"handle"}
[2026-08-12 07:06:09] {"step":"CHECKING_ROUTE_CLASS","request_id":"c461b494f126c076","class":"Listeners\\Payments\\PaystackWebhookListener"}
[2026-08-12 07:06:09] {"step":"ROUTE_CLASS_FOUND","request_id":"c461b494f126c076","class":"Listeners\\Payments\\PaystackWebhookListener"}
[2026-08-12 07:06:09] {"step":"CREATING_HANDLER","request_id":"c461b494f126c076","class":"Listeners\\Payments\\PaystackWebhookListener"}
[2026-08-12 07:06:09] {"step":"HANDLER_CREATED","request_id":"c461b494f126c076","class":"Listeners\\Payments\\PaystackWebhookListener"}
[2026-08-12 07:06:09] {"step":"ROUTE_METHOD_FOUND","request_id":"c461b494f126c076","class":"Listeners\\Payments\\PaystackWebhookListener","method":"handle"}
[2026-08-12 07:06:09] {"step":"HANDLER_EXECUTION_STARTED","request_id":"c461b494f126c076","path":"/payment/paystack/advert/webhook","class":"Listeners\\Payments\\PaystackWebhookListener","method":"handle","parameters":0}
[2026-08-12 07:06:09] {"step":"CALLING_HANDLER_WITHOUT_PAYLOAD","request_id":"c461b494f126c076","class":"Listeners\\Payments\\PaystackWebhookListener","method":"handle"}
[2026-08-12 07:06:09] {"step":"HANDLER_EXECUTION_COMPLETE","request_id":"c461b494f126c076","class":"Listeners\\Payments\\PaystackWebhookListener","method":"handle"}
[2026-08-12 07:06:09] {"step":"DISPATCH_COMPLETE","request_id":"c461b494f126c076","path":"/payment/paystack/advert/webhook","class":"Listeners\\Payments\\PaystackWebhookListener","method":"handle"}
[2026-08-12 07:06:30] {"step":"DISPATCH_STARTED","request_id":"12067178fef8ac8f","method":"GET","uri":"/payment/paystack/advert/callback?trxref=ESC202608126D0D2832&reference=ESC202608126D0D2832"}
[2026-08-12 07:06:30] {"step":"PATH_RESOLVED","request_id":"12067178fef8ac8f","path":"/payment/paystack/advert/callback"}
[2026-08-12 07:06:30] {"step":"ROUTES_LOADED","request_id":"12067178fef8ac8f","route_count":19}
[2026-08-12 07:06:30] {"step":"ROUTE_FOUND","request_id":"12067178fef8ac8f","path":"/payment/paystack/advert/callback","route_type":"string","route":"Listeners\\Payments\\PaystackListener"}
[2026-08-12 07:06:30] {"step":"ROUTE_RESOLVED","request_id":"12067178fef8ac8f","path":"/payment/paystack/advert/callback","class":"Listeners\\Payments\\PaystackListener","method":"handle"}
[2026-08-12 07:06:30] {"step":"CHECKING_ROUTE_CLASS","request_id":"12067178fef8ac8f","class":"Listeners\\Payments\\PaystackListener"}
[2026-08-12 07:06:30] {"step":"ROUTE_CLASS_FOUND","request_id":"12067178fef8ac8f","class":"Listeners\\Payments\\PaystackListener"}
[2026-08-12 07:06:30] {"step":"CREATING_HANDLER","request_id":"12067178fef8ac8f","class":"Listeners\\Payments\\PaystackListener"}
[2026-08-12 07:06:30] {"step":"HANDLER_CREATED","request_id":"12067178fef8ac8f","class":"Listeners\\Payments\\PaystackListener"}
[2026-08-12 07:06:30] {"step":"ROUTE_METHOD_FOUND","request_id":"12067178fef8ac8f","class":"Listeners\\Payments\\PaystackListener","method":"handle"}
[2026-08-12 07:06:30] {"step":"HANDLER_EXECUTION_STARTED","request_id":"12067178fef8ac8f","path":"/payment/paystack/advert/callback","class":"Listeners\\Payments\\PaystackListener","method":"handle","parameters":0}
[2026-08-12 07:06:30] {"step":"CALLING_HANDLER_WITHOUT_PAYLOAD","request_id":"12067178fef8ac8f","class":"Listeners\\Payments\\PaystackListener","method":"handle"}
[2026-08-12 07:06:30] {"step":"HANDLER_EXECUTION_COMPLETE","request_id":"12067178fef8ac8f","class":"Listeners\\Payments\\PaystackListener","method":"handle"}
[2026-08-12 07:06:30] {"step":"DISPATCH_COMPLETE","request_id":"12067178fef8ac8f","path":"/payment/paystack/advert/callback","class":"Listeners\\Payments\\PaystackListener","method":"handle"}
[2026-08-12 09:44:20] {"step":"DISPATCH_STARTED","request_id":"5fdf6736ae291ce4","method":"GET","uri":"/"}
[2026-08-12 09:44:20] {"step":"PATH_RESOLVED","request_id":"5fdf6736ae291ce4","path":"/"}
[2026-08-12 09:44:20] {"step":"ROUTES_LOADED","request_id":"5fdf6736ae291ce4","route_count":19}
[2026-08-12 09:44:20] {"step":"ROUTE_FOUND","request_id":"5fdf6736ae291ce4","path":"/","route_type":"string","route":"Listeners\\Health\\HealthListener"}
[2026-08-12 09:44:20] {"step":"ROUTE_RESOLVED","request_id":"5fdf6736ae291ce4","path":"/","class":"Listeners\\Health\\HealthListener","method":"handle"}
[2026-08-12 09:44:20] {"step":"CHECKING_ROUTE_CLASS","request_id":"5fdf6736ae291ce4","class":"Listeners\\Health\\HealthListener"}
[2026-08-12 09:44:20] {"step":"ROUTE_CLASS_FOUND","request_id":"5fdf6736ae291ce4","class":"Listeners\\Health\\HealthListener"}
[2026-08-12 09:44:20] {"step":"CREATING_HANDLER","request_id":"5fdf6736ae291ce4","class":"Listeners\\Health\\HealthListener"}
[2026-08-12 09:44:20] {"step":"HANDLER_CREATED","request_id":"5fdf6736ae291ce4","class":"Listeners\\Health\\HealthListener"}
[2026-08-12 09:44:20] {"step":"ROUTE_METHOD_FOUND","request_id":"5fdf6736ae291ce4","class":"Listeners\\Health\\HealthListener","method":"handle"}
[2026-08-12 09:44:20] {"step":"HANDLER_EXECUTION_STARTED","request_id":"5fdf6736ae291ce4","path":"/","class":"Listeners\\Health\\HealthListener","method":"handle","parameters":0}
[2026-08-12 09:44:20] {"step":"CALLING_HANDLER_WITHOUT_PAYLOAD","request_id":"5fdf6736ae291ce4","class":"Listeners\\Health\\HealthListener","method":"handle"}
[2026-08-12 09:44:20] {"step":"HANDLER_EXECUTION_COMPLETE","request_id":"5fdf6736ae291ce4","class":"Listeners\\Health\\HealthListener","method":"handle"}
[2026-08-12 09:44:20] {"step":"DISPATCH_COMPLETE","request_id":"5fdf6736ae291ce4","path":"/","class":"Listeners\\Health\\HealthListener","method":"handle"}
[2026-08-12 14:46:16] {"step":"DISPATCH_STARTED","request_id":"fc8cdfa798f95b0e","method":"GET","uri":"/"}
[2026-08-12 14:46:16] {"step":"PATH_RESOLVED","request_id":"fc8cdfa798f95b0e","path":"/"}
[2026-08-12 14:46:16] {"step":"ROUTES_LOADED","request_id":"fc8cdfa798f95b0e","route_count":19}
[2026-08-12 14:46:16] {"step":"ROUTE_FOUND","request_id":"fc8cdfa798f95b0e","path":"/","route_type":"string","route":"Listeners\\Health\\HealthListener"}
[2026-08-12 14:46:16] {"step":"ROUTE_RESOLVED","request_id":"fc8cdfa798f95b0e","path":"/","class":"Listeners\\Health\\HealthListener","method":"handle"}
[2026-08-12 14:46:16] {"step":"CHECKING_ROUTE_CLASS","request_id":"fc8cdfa798f95b0e","class":"Listeners\\Health\\HealthListener"}
[2026-08-12 14:46:16] {"step":"ROUTE_CLASS_FOUND","request_id":"fc8cdfa798f95b0e","class":"Listeners\\Health\\HealthListener"}
[2026-08-12 14:46:16] {"step":"CREATING_HANDLER","request_id":"fc8cdfa798f95b0e","class":"Listeners\\Health\\HealthListener"}
[2026-08-12 14:46:16] {"step":"HANDLER_CREATED","request_id":"fc8cdfa798f95b0e","class":"Listeners\\Health\\HealthListener"}
[2026-08-12 14:46:16] {"step":"ROUTE_METHOD_FOUND","request_id":"fc8cdfa798f95b0e","class":"Listeners\\Health\\HealthListener","method":"handle"}
[2026-08-12 14:46:16] {"step":"HANDLER_EXECUTION_STARTED","request_id":"fc8cdfa798f95b0e","path":"/","class":"Listeners\\Health\\HealthListener","method":"handle","parameters":0}
[2026-08-12 14:46:16] {"step":"CALLING_HANDLER_WITHOUT_PAYLOAD","request_id":"fc8cdfa798f95b0e","class":"Listeners\\Health\\HealthListener","method":"handle"}
[2026-08-12 14:46:16] {"step":"HANDLER_EXECUTION_COMPLETE","request_id":"fc8cdfa798f95b0e","class":"Listeners\\Health\\HealthListener","method":"handle"}
[2026-08-12 14:46:16] {"step":"DISPATCH_COMPLETE","request_id":"fc8cdfa798f95b0e","path":"/","class":"Listeners\\Health\\HealthListener","method":"handle"}
[2026-08-12 15:01:18] {"step":"DISPATCH_STARTED","request_id":"8eb01bf419b27235","method":"GET","uri":"/"}
[2026-08-12 15:01:18] {"step":"PATH_RESOLVED","request_id":"8eb01bf419b27235","path":"/"}
[2026-08-12 15:01:18] {"step":"ROUTES_LOADED","request_id":"8eb01bf419b27235","route_count":19}
[2026-08-12 15:01:18] {"step":"ROUTE_FOUND","request_id":"8eb01bf419b27235","path":"/","route_type":"string","route":"Listeners\\Health\\HealthListener"}
[2026-08-12 15:01:18] {"step":"ROUTE_RESOLVED","request_id":"8eb01bf419b27235","path":"/","class":"Listeners\\Health\\HealthListener","method":"handle"}
[2026-08-12 15:01:18] {"step":"CHECKING_ROUTE_CLASS","request_id":"8eb01bf419b27235","class":"Listeners\\Health\\HealthListener"}
[2026-08-12 15:01:18] {"step":"ROUTE_CLASS_FOUND","request_id":"8eb01bf419b27235","class":"Listeners\\Health\\HealthListener"}
[2026-08-12 15:01:18] {"step":"CREATING_HANDLER","request_id":"8eb01bf419b27235","class":"Listeners\\Health\\HealthListener"}
[2026-08-12 15:01:18] {"step":"HANDLER_CREATED","request_id":"8eb01bf419b27235","class":"Listeners\\Health\\HealthListener"}
[2026-08-12 15:01:18] {"step":"ROUTE_METHOD_FOUND","request_id":"8eb01bf419b27235","class":"Listeners\\Health\\HealthListener","method":"handle"}
[2026-08-12 15:01:18] {"step":"HANDLER_EXECUTION_STARTED","request_id":"8eb01bf419b27235","path":"/","class":"Listeners\\Health\\HealthListener","method":"handle","parameters":0}
[2026-08-12 15:01:18] {"step":"CALLING_HANDLER_WITHOUT_PAYLOAD","request_id":"8eb01bf419b27235","class":"Listeners\\Health\\HealthListener","method":"handle"}
[2026-08-12 15:01:18] {"step":"HANDLER_EXECUTION_COMPLETE","request_id":"8eb01bf419b27235","class":"Listeners\\Health\\HealthListener","method":"handle"}
[2026-08-12 15:01:18] {"step":"DISPATCH_COMPLETE","request_id":"8eb01bf419b27235","path":"/","class":"Listeners\\Health\\HealthListener","method":"handle"}
[2026-08-12 17:07:50] {"step":"DISPATCH_STARTED","request_id":"b63108dfb5097faa","method":"GET","uri":"/robots.txt"}
[2026-08-12 17:07:50] {"step":"PATH_RESOLVED","request_id":"b63108dfb5097faa","path":"/robots.txt"}
[2026-08-12 17:07:50] {"step":"ROUTES_LOADED","request_id":"b63108dfb5097faa","route_count":19}
[2026-08-12 17:07:50] {"step":"ROUTE_NOT_FOUND","request_id":"b63108dfb5097faa","path":"/robots.txt"}
